To honour the JVM settings for this build a single-use Daemon process will be forked. For more on this, please refer to https://docs.gradle.org/8.13/userguide/gradle_daemon.html#sec:disabling_the_daemon in the Gradle documentation.
Daemon will be stopped at the end of the build 

> Configure project :app
keystore.properties carregado com sucesso
Propriedades encontradas: 4
  - 'TASKGO_RELEASE_STORE_PASSWORD'
  - 'TASKGO_RELEASE_KEY_ALIAS'
  - 'TASKGO_RELEASE_STORE_FILE'
  - 'TASKGO_RELEASE_KEY_PASSWORD'
=== CONFIGURANDO SIGNING ===
keyAlias: taskgo-release (true)
keyPassword: *** (true)
storeFile: C:/Users/user/AndroidKeystores/taskgo-release-key.jks (true)
storePassword: *** (true)
Caminho do keystore: C:\Users\user\AndroidKeystores\taskgo-release-key.jks
Keystore existe: true
? SigningConfig 'release' criado com sucesso!
=== SIGNING CONFIGURADO ===
SigningConfig 'release' aplicado ao buildType release

> Task :app:checkKotlinGradlePluginConfigurationErrors
> Task :app:preBuild UP-TO-DATE
> Task :app:preReleaseBuild UP-TO-DATE
> Task :app:generateReleaseBuildConfig UP-TO-DATE
> Task :app:checkReleaseAarMetadata UP-TO-DATE
> Task :app:generateReleaseResValues UP-TO-DATE
> Task :app:injectCrashlyticsMappingFileIdRelease
> Task :app:processReleaseGoogleServices UP-TO-DATE
> Task :app:mapReleaseSourceSetPaths UP-TO-DATE
> Task :app:generateReleaseResources UP-TO-DATE
> Task :app:mergeReleaseResources FAILED

[Incubating] Problems report is available at: file:///C:/Users/user/AndroidStudioProjects/TaskGoApp/build/reports/problems/problems-report.html
.\gradlew.bat : 
No C:\Users\user\AppData\Local\Temp\ps-script-9c47cf0d-1320-4f6c-a914-e5113d161362.ps1:79 caractere:88
+ ... k > $null ; .\gradlew.bat :app:compileReleaseKotlin --no-daemon 2>&1  ...
+                 ~~~~~~~~~~~~~~~~~~~~~~~~~~~~~~~~~~~~~~~~~~~~~~~~~~~~~~~~
    + CategoryInfo          : NotSpecified: (:String) [], RemoteException
    + FullyQualifiedErrorId : NativeCommandError
 

Deprecated Gradle features were used in this build, making it incompatible with Gradle 9.0.

You can use '--warning-mode all' to show the individual deprecation warnings and determine if they come from your own scripts or plugins.

For more on this, please refer to https://docs.gradle.org/8.13/userguide/command_line_interface.html#sec:command_line_warnings in the Gradle documentation.
9 actionable tasks: 3 executed, 6 up-to-date
FAILURE: Build failed with an exception.

* What went wrong:
Execution failed for task ':app:mergeReleaseResources'.
> java.io.IOException: Unable to delete directory 
'C:\Users\user\AndroidStudioProjects\TaskGoApp\app\build\intermediates\merged-not-compiled-resources\release'
    Failed to delete some children. This might happen because a process has files open or has its working directory 
set in the target directory.
    - C:\Users\user\AndroidStudioProjects\TaskGoApp\app\build\intermediates\merged-not-compiled-resources\release\drawa
ble-hdpi-v4\abc_text_select_handle_left_mtrl.png
    - C:\Users\user\AndroidStudioProjects\TaskGoApp\app\build\intermediates\merged-not-compiled-resources\release\drawa
ble-hdpi-v4\abc_text_select_handle_middle_mtrl.png
    - C:\Users\user\AndroidStudioProjects\TaskGoApp\app\build\intermediates\merged-not-compiled-resources\release\drawa
ble-hdpi-v4\abc_text_select_handle_right_mtrl.png
    - C:\Users\user\AndroidStudioProjects\TaskGoApp\app\build\intermediates\merged-not-compiled-resources\release\drawa
ble-hdpi-v4\common_full_open_on_phone.png
    - C:\Users\user\AndroidStudioProjects\TaskGoApp\app\build\intermediates\merged-not-compiled-resources\release\drawa
ble-hdpi-v4\common_google_signin_btn_icon_dark_normal_background.9.png
    - C:\Users\user\AndroidStudioProjects\TaskGoApp\app\build\intermediates\merged-not-compiled-resources\release\drawa
ble-hdpi-v4\common_google_signin_btn_icon_light_normal_background.9.png
    - C:\Users\user\AndroidStudioProjects\TaskGoApp\app\build\intermediates\merged-not-compiled-resources\release\drawa
ble-hdpi-v4\common_google_signin_btn_text_dark_normal_background.9.png
    - C:\Users\user\AndroidStudioProjects\TaskGoApp\app\build\intermediates\merged-not-compiled-resources\release\drawa
ble-hdpi-v4\common_google_signin_btn_text_light_normal_background.9.png
    - C:\Users\user\AndroidStudioProjects\TaskGoApp\app\build\intermediates\merged-not-compiled-resources\release\drawa
ble-hdpi-v4\exo_edit_mode_logo.png
    - C:\Users\user\AndroidStudioProjects\TaskGoApp\app\build\intermediates\merged-not-compiled-resources\release\drawa
ble-hdpi-v4\exo_icon_circular_play.png
    - C:\Users\user\AndroidStudioProjects\TaskGoApp\app\build\intermediates\merged-not-compiled-resources\release\drawa
ble-hdpi-v4\exo_icon_fastforward.png
    - C:\Users\user\AndroidStudioProjects\TaskGoApp\app\build\intermediates\merged-not-compiled-resources\release\drawa
ble-hdpi-v4\exo_icon_fullscreen_enter.png
    - C:\Users\user\AndroidStudioProjects\TaskGoApp\app\build\intermediates\merged-not-compiled-resources\release\drawa
ble-hdpi-v4\exo_icon_fullscreen_exit.png
    - C:\Users\user\AndroidStudioProjects\TaskGoApp\app\build\intermediates\merged-not-compiled-resources\release\drawa
ble-hdpi-v4\exo_icon_next.png
    - C:\Users\user\AndroidStudioProjects\TaskGoApp\app\build\intermediates\merged-not-compiled-resources\release\drawa
ble-hdpi-v4\exo_icon_pause.png
    - C:\Users\user\AndroidStudioProjects\TaskGoApp\app\build\intermediates\merged-not-compiled-resources\release\drawa
ble-hdpi-v4\exo_icon_play.png
    - and more ...

* Try:
> Run with --stacktrace option to get the stack trace.
> Run with --info or --debug option to get more log output.
> Run with --scan to get full insights.
> Get more help at https://help.gradle.org.

BUILD FAILED in 4m
