To honour the JVM settings for this build a single-use Daemon process will be forked. For more on this, please refer to https://docs.gradle.org/8.13/userguide/gradle_daemon.html#sec:disabling_the_daemon in the Gradle documentation.
Daemon will be stopped at the end of the build 

> Configure project :app
keystore.properties carregado com sucesso
Propriedades encontradas: 4
  - 'TASKGO_RELEASE_STORE_PASSWORD'
  - 'TASKGO_RELEASE_KEY_ALIAS'
  - 'TASKGO_RELEASE_STORE_FILE'
  - 'TASKGO_RELEASE_KEY_PASSWORD'
=== CONFIGURANDO SIGNING ===
keyAlias: taskgo-release (true)
keyPassword: *** (true)
storeFile: C:/Users/user/AndroidKeystores/taskgo-release-key.jks (true)
storePassword: *** (true)
Caminho do keystore: C:\Users\user\AndroidKeystores\taskgo-release-key.jks
Keystore existe: true
? SigningConfig 'release' criado com sucesso!
=== SIGNING CONFIGURADO ===
SigningConfig 'release' aplicado ao buildType release

> Task :app:checkKotlinGradlePluginConfigurationErrors
> Task :app:preBuild UP-TO-DATE
> Task :app:preReleaseBuild UP-TO-DATE
> Task :app:generateReleaseBuildConfig UP-TO-DATE
> Task :app:checkReleaseAarMetadata UP-TO-DATE
> Task :app:generateReleaseResValues UP-TO-DATE
> Task :app:injectCrashlyticsMappingFileIdRelease
> Task :app:processReleaseGoogleServices UP-TO-DATE
> Task :app:mapReleaseSourceSetPaths UP-TO-DATE
> Task :app:generateReleaseResources UP-TO-DATE
> Task :app:mergeReleaseResources
> Task :app:mergeReleaseResources FAILED

[Incubating] Problems report is available at: file:///C:/Users/user/AndroidStudioProjects/TaskGoApp/build/reports/problems/problems-report.html
.\gradlew.bat : 
No C:\Users\user\AppData\Local\Temp\ps-script-89946865-fdc1-4664-916f-c7ee4399d451.ps1:80 caractere:85
+ ... Xmx2048m' ; .\gradlew.bat :app:compileReleaseKotlin --no-daemon --sta ...
+                 ~~~~~~~~~~~~~~~~~~~~~~~~~~~~~~~~~~~~~~~~~~~~~~~~~~~~~~~~~
    + CategoryInfo          : NotSpecified: (:String) [], RemoteException
    + FullyQualifiedErrorId : NativeCommandError
 
FAILURE: Build failed with an exception.

* What went wrong:
Execution failed for task ':app:mergeReleaseResources'.
> java.io.IOException: Unable to delete directory 
'C:\Users\user\AndroidStudioProjects\TaskGoApp\app\build\intermediates\merged-not-compiled-resources\release'
    Failed to delete some children. This might happen because a process has files open or has its working directory 
set in the target directory.
    - C:\Users\user\AndroidStudioProjects\TaskGoApp\app\build\intermediates\merged-not-compiled-resources\release\layou
t\mtrl_alert_dialog_title.xml
    - C:\Users\user\AndroidStudioProjects\TaskGoApp\app\build\intermediates\merged-not-compiled-resources\release\layou
t\mtrl_alert_select_dialog_item.xml
    - C:\Users\user\AndroidStudioProjects\TaskGoApp\app\build\intermediates\merged-not-compiled-resources\release\layou
t\mtrl_alert_select_dialog_multichoice.xml
    - C:\Users\user\AndroidStudioProjects\TaskGoApp\app\build\intermediates\merged-not-compiled-resources\release\layou
t\mtrl_alert_select_dialog_singlechoice.xml
    - C:\Users\user\AndroidStudioProjects\TaskGoApp\app\build\intermediates\merged-not-compiled-resources\release\layou
t\mtrl_auto_complete_simple_item.xml
    - C:\Users\user\AndroidStudioProjects\TaskGoApp\app\build\intermediates\merged-not-compiled-resources\release\layou
t\mtrl_calendar_day.xml
    - C:\Users\user\AndroidStudioProjects\TaskGoApp\app\build\intermediates\merged-not-compiled-resources\release\layou
t\mtrl_calendar_days_of_week.xml
    - C:\Users\user\AndroidStudioProjects\TaskGoApp\app\build\intermediates\merged-not-compiled-resources\release\layou
t\mtrl_calendar_day_of_week.xml
    - C:\Users\user\AndroidStudioProjects\TaskGoApp\app\build\intermediates\merged-not-compiled-resources\release\layou
t\mtrl_calendar_horizontal.xml
    - C:\Users\user\AndroidStudioProjects\TaskGoApp\app\build\intermediates\merged-not-compiled-resources\release\layou
t\mtrl_calendar_month.xml
    - C:\Users\user\AndroidStudioProjects\TaskGoApp\app\build\intermediates\merged-not-compiled-resources\release\layou
t\mtrl_calendar_months.xml
    - C:\Users\user\AndroidStudioProjects\TaskGoApp\app\build\intermediates\merged-not-compiled-resources\release\layou
t\mtrl_calendar_month_labeled.xml
    - C:\Users\user\AndroidStudioProjects\TaskGoApp\app\build\intermediates\merged-not-compiled-resources\release\layou
t\mtrl_calendar_month_navigation.xml
    - C:\Users\user\AndroidStudioProjects\TaskGoApp\app\build\intermediates\merged-not-compiled-resources\release\layou
t\mtrl_calendar_vertical.xml
    - C:\Users\user\AndroidStudioProjects\TaskGoApp\app\build\intermediates\merged-not-compiled-resources\release\layou
t\mtrl_calendar_year.xml
    - C:\Users\user\AndroidStudioProjects\TaskGoApp\app\build\intermediates\merged-not-compiled-resources\release\layou
t\mtrl_layout_snackbar.xml
    - and more ...

* Try:
> Run with --info or --debug option to get more log output.
> Run with --scan to get full insights.
> Get more help at https://help.gradle.org.

* Exception is:
org.gradle.api.tasks.TaskExecutionException: Execution failed for task ':app:mergeReleaseResources'.
	at org.gradle.api.internal.tasks.execution.CatchExceptionTaskExecuter.execute(CatchExceptionTaskExecuter.java:38)
	at org.gradle.api.internal.tasks.execution.EventFiringTaskExecuter$1.executeTask(EventFiringTaskExecuter.java:77)
	at org.gradle.api.internal.tasks.execution.EventFiringTaskExecuter$1.call(EventFiringTaskExecuter.java:55)
	at org.gradle.api.internal.tasks.execution.EventFiringTaskExecuter$1.call(EventFiringTaskExecuter.java:52)
	at org.gradle.internal.operations.DefaultBuildOperationRunner$CallableBuildOperationWorker.execute(DefaultBuildOperati
onRunner.java:210)
	at org.gradle.internal.operations.DefaultBuildOperationRunner$CallableBuildOperationWorker.execute(DefaultBuildOperati
onRunner.java:205)
	at org.gradle.internal.operations.DefaultBuildOperationRunner$2.execute(DefaultBuildOperationRunner.java:67)
	at org.gradle.internal.operations.DefaultBuildOperationRunner$2.execute(DefaultBuildOperationRunner.java:60)
	at org.gradle.internal.operations.DefaultBuildOperationRunner.execute(DefaultBuildOperationRunner.java:167)
	at org.gradle.internal.operations.DefaultBuildOperationRunner.execute(DefaultBuildOperationRunner.java:60)
	at org.gradle.internal.operations.DefaultBuildOperationRunner.call(DefaultBuildOperationRunner.java:54)
	at org.gradle.api.internal.tasks.execution.EventFiringTaskExecuter.execute(EventFiringTaskExecuter.java:52)
	at org.gradle.execution.plan.LocalTaskNodeExecutor.execute(LocalTaskNodeExecutor.java:42)
	at org.gradle.execution.taskgraph.DefaultTaskExecutionGraph$InvokeNodeExecutorsAction.execute(DefaultTaskExecutionGrap
h.java:331)
	at org.gradle.execution.taskgraph.DefaultTaskExecutionGraph$InvokeNodeExecutorsAction.execute(DefaultTaskExecutionGrap
h.java:318)
	at org.gradle.execution.taskgraph.DefaultTaskExecutionGraph$BuildOperationAwareExecutionAction.lambda$execute$0(Defaul
tTaskExecutionGraph.java:314)
	at org.gradle.internal.operations.CurrentBuildOperationRef.with(CurrentBuildOperationRef.java:85)
	at org.gradle.execution.taskgraph.DefaultTaskExecutionGraph$BuildOperationAwareExecutionAction.execute(DefaultTaskExec
utionGraph.java:314)
	at org.gradle.execution.taskgraph.DefaultTaskExecutionGraph$BuildOperationAwareExecutionAction.execute(DefaultTaskExec
utionGraph.java:303)
	at org.gradle.execution.plan.DefaultPlanExecutor$ExecutorWorker.execute(DefaultPlanExecutor.java:459)
	at org.gradle.execution.plan.DefaultPlanExecutor$ExecutorWorker.run(DefaultPlanExecutor.java:376)
	at org.gradle.internal.concurrent.ExecutorPolicy$CatchAndRecordFailures.onExecute(ExecutorPolicy.java:64)
	at org.gradle.internal.concurrent.AbstractManagedExecutor$1.run(AbstractManagedExecutor.java:48)
Caused by: java.io.UncheckedIOException: java.io.IOException: Unable to delete directory 
'C:\Users\user\AndroidStudioProjects\TaskGoApp\app\build\intermediates\merged-not-compiled-resources\release'
  Failed to delete some children. This might happen because a process has files open or has its working directory set 
in the target directory.
  - C:\Users\user\AndroidStudioProjects\TaskGoApp\app\build\intermediates\merged-not-compiled-resources\release\layout\
mtrl_alert_dialog_title.xml
  - C:\Users\user\AndroidStudioProjects\TaskGoApp\app\build\intermediates\merged-not-compiled-resources\release\layout\
mtrl_alert_select_dialog_item.xml
  - C:\Users\user\AndroidStudioProjects\TaskGoApp\app\build\intermediates\merged-not-compiled-resources\release\layout\
mtrl_alert_select_dialog_multichoice.xml
  - C:\Users\user\AndroidStudioProjects\TaskGoApp\app\build\intermediates\merged-not-compiled-resources\release\layout\
mtrl_alert_select_dialog_singlechoice.xml
  - C:\Users\user\AndroidStudioProjects\TaskGoApp\app\build\intermediates\merged-not-compiled-resources\release\layout\
mtrl_auto_complete_simple_item.xml
  - C:\Users\user\AndroidStudioProjects\TaskGoApp\app\build\intermediates\merged-not-compiled-resources\release\layout\
mtrl_calendar_day.xml
  - C:\Users\user\AndroidStudioProjects\TaskGoApp\app\build\intermediates\merged-not-compiled-resources\release\layout\
mtrl_calendar_days_of_week.xml
  - C:\Users\user\AndroidStudioProjects\TaskGoApp\app\build\intermediates\merged-not-compiled-resources\release\layout\
mtrl_calendar_day_of_week.xml
  - C:\Users\user\AndroidStudioProjects\TaskGoApp\app\build\intermediates\merged-not-compiled-resources\release\layout\
mtrl_calendar_horizontal.xml
  - C:\Users\user\AndroidStudioProjects\TaskGoApp\app\build\intermediates\merged-not-compiled-resources\release\layout\
mtrl_calendar_month.xml
  - C:\Users\user\AndroidStudioProjects\TaskGoApp\app\build\intermediates\merged-not-compiled-resources\release\layout\
mtrl_calendar_months.xml
  - C:\Users\user\AndroidStudioProjects\TaskGoApp\app\build\intermediates\merged-not-compiled-resources\release\layout\
mtrl_calendar_month_labeled.xml
  - C:\Users\user\AndroidStudioProjects\TaskGoApp\app\build\intermediates\merged-not-compiled-resources\release\layout\
mtrl_calendar_month_navigation.xml
  - C:\Users\user\AndroidStudioProjects\TaskGoApp\app\build\intermediates\merged-not-compiled-resources\release\layout\
mtrl_calendar_vertical.xml
  - C:\Users\user\AndroidStudioProjects\TaskGoApp\app\build\intermediates\merged-not-compiled-resources\release\layout\
mtrl_calendar_year.xml
  - C:\Users\user\AndroidStudioProjects\TaskGoApp\app\build\intermediates\merged-not-compiled-resources\release\layout\
mtrl_layout_snackbar.xml
  - and more ...
	at 
org.gradle.internal.execution.steps.RemovePreviousOutputsStep$2.visitOutputProperty(RemovePreviousOutputsStep.java:127)
	at org.gradle.api.internal.tasks.execution.TaskExecution.visitOutputs(TaskExecution.java:344)
	at org.gradle.internal.execution.steps.RemovePreviousOutputsStep.cleanupExclusivelyOwnedOutputs(RemovePreviousOutputsS
tep.java:110)
	at org.gradle.internal.execution.steps.RemovePreviousOutputsStep.execute(RemovePreviousOutputsStep.java:63)
	at org.gradle.internal.execution.steps.RemovePreviousOutputsStep.execute(RemovePreviousOutputsStep.java:37)
	at org.gradle.internal.execution.steps.BroadcastChangingOutputsStep.execute(BroadcastChangingOutputsStep.java:61)
	at org.gradle.internal.execution.steps.BroadcastChangingOutputsStep.execute(BroadcastChangingOutputsStep.java:26)
	at 
org.gradle.internal.execution.steps.CaptureOutputsAfterExecutionStep.execute(CaptureOutputsAfterExecutionStep.java:69)
	at 
org.gradle.internal.execution.steps.CaptureOutputsAfterExecutionStep.execute(CaptureOutputsAfterExecutionStep.java:46)
	at org.gradle.internal.execution.steps.ResolveInputChangesStep.execute(ResolveInputChangesStep.java:40)
	at org.gradle.internal.execution.steps.ResolveInputChangesStep.execute(ResolveInputChangesStep.java:29)
	at org.gradle.internal.execution.steps.BuildCacheStep.executeWithoutCache(BuildCacheStep.java:189)
	at org.gradle.internal.execution.steps.BuildCacheStep.lambda$execute$1(BuildCacheStep.java:75)
	at org.gradle.internal.Either$Right.fold(Either.java:175)
	at org.gradle.internal.execution.caching.CachingState.fold(CachingState.java:62)
	at org.gradle.internal.execution.steps.BuildCacheStep.execute(BuildCacheStep.java:73)
	at org.gradle.internal.execution.steps.BuildCacheStep.execute(BuildCacheStep.java:48)
	at org.gradle.internal.execution.steps.StoreExecutionStateStep.execute(StoreExecutionStateStep.java:46)
	at org.gradle.internal.execution.steps.StoreExecutionStateStep.execute(StoreExecutionStateStep.java:35)
	at org.gradle.internal.execution.steps.SkipUpToDateStep.executeBecause(SkipUpToDateStep.java:75)
	at org.gradle.internal.execution.steps.SkipUpToDateStep.lambda$execute$2(SkipUpToDateStep.java:53)
	at org.gradle.internal.execution.steps.SkipUpToDateStep.execute(SkipUpToDateStep.java:53)
	at org.gradle.internal.execution.steps.SkipUpToDateStep.execute(SkipUpToDateStep.java:35)
	at org.gradle.internal.execution.steps.legacy.MarkSnapshottingInputsFinishedStep.execute(MarkSnapshottingInputsFinishe
dStep.java:37)
	at org.gradle.internal.execution.steps.legacy.MarkSnapshottingInputsFinishedStep.execute(MarkSnapshottingInputsFinishe
dStep.java:27)
	at org.gradle.internal.execution.steps.ResolveIncrementalCachingStateStep.executeDelegate(ResolveIncrementalCachingSta
teStep.java:49)
	at org.gradle.internal.execution.steps.ResolveIncrementalCachingStateStep.executeDelegate(ResolveIncrementalCachingSta
teStep.java:27)
	at 
org.gradle.internal.execution.steps.AbstractResolveCachingStateStep.execute(AbstractResolveCachingStateStep.java:71)
	at 
org.gradle.internal.execution.steps.AbstractResolveCachingStateStep.execute(AbstractResolveCachingStateStep.java:39)
	at org.gradle.internal.execution.steps.ResolveChangesStep.execute(ResolveChangesStep.java:65)
	at org.gradle.internal.execution.steps.ResolveChangesStep.execute(ResolveChangesStep.java:36)
	at org.gradle.internal.execution.steps.ValidateStep.execute(ValidateStep.java:107)
	at org.gradle.internal.execution.steps.ValidateStep.execute(ValidateStep.java:56)
	at org.gradle.internal.execution.steps.AbstractCaptureStateBeforeExecutionStep.execute(AbstractCaptureStateBeforeExecu
tionStep.java:64)
	at org.gradle.internal.execution.steps.AbstractCaptureStateBeforeExecutionStep.execute(AbstractCaptureStateBeforeExecu
tionStep.java:43)
	at org.gradle.internal.execution.steps.AbstractSkipEmptyWorkStep.executeWithNonEmptySources(AbstractSkipEmptyWorkStep.
java:125)
	at org.gradle.internal.execution.steps.AbstractSkipEmptyWorkStep.execute(AbstractSkipEmptyWorkStep.java:56)
	at org.gradle.internal.execution.steps.AbstractSkipEmptyWorkStep.execute(AbstractSkipEmptyWorkStep.java:36)
	at org.gradle.internal.execution.steps.legacy.MarkSnapshottingInputsStartedStep.execute(MarkSnapshottingInputsStartedS
tep.java:38)
	at org.gradle.internal.execution.steps.LoadPreviousExecutionStateStep.execute(LoadPreviousExecutionStateStep.java:36)
	at org.gradle.internal.execution.steps.LoadPreviousExecutionStateStep.execute(LoadPreviousExecutionStateStep.java:23)
	at org.gradle.internal.execution.steps.HandleStaleOutputsStep.execute(HandleStaleOutputsStep.java:75)
	at org.gradle.internal.execution.steps.HandleStaleOutputsStep.execute(HandleStaleOutputsStep.java:41)
	at org.gradle.internal.execution.steps.AssignMutableWorkspaceStep.lambda$execute$0(AssignMutableWorkspaceStep.java:35)
	at org.gradle.api.internal.tasks.execution.TaskExecution$4.withWorkspace(TaskExecution.java:289)
	at org.gradle.internal.execution.steps.AssignMutableWorkspaceStep.execute(AssignMutableWorkspaceStep.java:31)
	at org.gradle.internal.execution.steps.AssignMutableWorkspaceStep.execute(AssignMutableWorkspaceStep.java:22)
	at org.gradle.internal.execution.steps.ChoosePipelineStep.execute(ChoosePipelineStep.java:40)
	at org.gradle.internal.execution.steps.ChoosePipelineStep.execute(ChoosePipelineStep.java:23)
	at org.gradle.internal.execution.steps.ExecuteWorkBuildOperationFiringStep.lambda$execute$2(ExecuteWorkBuildOperationF
iringStep.java:67)
	at org.gradle.internal.execution.steps.ExecuteWorkBuildOperationFiringStep.execute(ExecuteWorkBuildOperationFiringStep
.java:67)
	at org.gradle.internal.execution.steps.ExecuteWorkBuildOperationFiringStep.execute(ExecuteWorkBuildOperationFiringStep
.java:39)
	at org.gradle.internal.execution.steps.IdentityCacheStep.execute(IdentityCacheStep.java:46)
	at org.gradle.internal.execution.steps.IdentityCacheStep.execute(IdentityCacheStep.java:34)
	at org.gradle.internal.execution.steps.IdentifyStep.execute(IdentifyStep.java:48)
	at org.gradle.internal.execution.steps.IdentifyStep.execute(IdentifyStep.java:35)
	at org.gradle.internal.execution.impl.DefaultExecutionEngine$1.execute(DefaultExecutionEngine.java:61)
	at 
org.gradle.api.internal.tasks.execution.ExecuteActionsTaskExecuter.executeIfValid(ExecuteActionsTaskExecuter.java:127)
	at org.gradle.api.internal.tasks.execution.ExecuteActionsTaskExecuter.execute(ExecuteActionsTaskExecuter.java:116)
	at org.gradle.api.internal.tasks.execution.ProblemsTaskPathTrackingTaskExecuter.execute(ProblemsTaskPathTrackingTaskEx
ecuter.java:40)
	at 
org.gradle.api.internal.tasks.execution.FinalizePropertiesTaskExecuter.execute(FinalizePropertiesTaskExecuter.java:46)
	at org.gradle.api.internal.tasks.execution.ResolveTaskExecutionModeExecuter.execute(ResolveTaskExecutionModeExecuter.j
ava:51)
	at 
org.gradle.api.internal.tasks.execution.SkipTaskWithNoActionsExecuter.execute(SkipTaskWithNoActionsExecuter.java:57)
	at org.gradle.api.internal.tasks.execution.SkipOnlyIfTaskExecuter.execute(SkipOnlyIfTaskExecuter.java:74)
	at org.gradle.api.internal.tasks.execution.CatchExceptionTaskExecuter.execute(CatchExceptionTaskExecuter.java:36)
	at org.gradle.api.internal.tasks.execution.EventFiringTaskExecuter$1.executeTask(EventFiringTaskExecuter.java:77)
	at org.gradle.api.internal.tasks.execution.EventFiringTaskExecuter$1.call(EventFiringTaskExecuter.java:55)
	at org.gradle.api.internal.tasks.execution.EventFiringTaskExecuter$1.call(EventFiringTaskExecuter.java:52)

Deprecated Gradle features were used in this build, making it incompatible with Gradle 9.0.

You can use '--warning-mode all' to show the individual deprecation warnings and determine if they come from your own scripts or plugins.

For more on this, please refer to https://docs.gradle.org/8.13/userguide/command_line_interface.html#sec:command_line_warnings in the Gradle documentation.
9 actionable tasks: 3 executed, 6 up-to-date
	at org.gradle.internal.operations.DefaultBuildOperationRunner$CallableBuildOperationWorker.execute(DefaultBuildOperati
onRunner.java:210)
	at org.gradle.internal.operations.DefaultBuildOperationRunner$CallableBuildOperationWorker.execute(DefaultBuildOperati
onRunner.java:205)
	at org.gradle.internal.operations.DefaultBuildOperationRunner$2.execute(DefaultBuildOperationRunner.java:67)
	at org.gradle.internal.operations.DefaultBuildOperationRunner$2.execute(DefaultBuildOperationRunner.java:60)
	at org.gradle.internal.operations.DefaultBuildOperationRunner.execute(DefaultBuildOperationRunner.java:167)
	at org.gradle.internal.operations.DefaultBuildOperationRunner.execute(DefaultBuildOperationRunner.java:60)
	at org.gradle.internal.operations.DefaultBuildOperationRunner.call(DefaultBuildOperationRunner.java:54)
	at org.gradle.api.internal.tasks.execution.EventFiringTaskExecuter.execute(EventFiringTaskExecuter.java:52)
	at org.gradle.execution.plan.LocalTaskNodeExecutor.execute(LocalTaskNodeExecutor.java:42)
	at org.gradle.execution.taskgraph.DefaultTaskExecutionGraph$InvokeNodeExecutorsAction.execute(DefaultTaskExecutionGrap
h.java:331)
	at org.gradle.execution.taskgraph.DefaultTaskExecutionGraph$InvokeNodeExecutorsAction.execute(DefaultTaskExecutionGrap
h.java:318)
	at org.gradle.execution.taskgraph.DefaultTaskExecutionGraph$BuildOperationAwareExecutionAction.lambda$execute$0(Defaul
tTaskExecutionGraph.java:314)
	at org.gradle.internal.operations.CurrentBuildOperationRef.with(CurrentBuildOperationRef.java:85)
	at org.gradle.execution.taskgraph.DefaultTaskExecutionGraph$BuildOperationAwareExecutionAction.execute(DefaultTaskExec
utionGraph.java:314)
	at org.gradle.execution.taskgraph.DefaultTaskExecutionGraph$BuildOperationAwareExecutionAction.execute(DefaultTaskExec
utionGraph.java:303)
	at org.gradle.execution.plan.DefaultPlanExecutor$ExecutorWorker.execute(DefaultPlanExecutor.java:459)
	at org.gradle.execution.plan.DefaultPlanExecutor$ExecutorWorker.run(DefaultPlanExecutor.java:376)
	at org.gradle.internal.concurrent.ExecutorPolicy$CatchAndRecordFailures.onExecute(ExecutorPolicy.java:64)
	at org.gradle.internal.concurrent.AbstractManagedExecutor$1.run(AbstractManagedExecutor.java:48)
Caused by: java.io.IOException: Unable to delete directory 
'C:\Users\user\AndroidStudioProjects\TaskGoApp\app\build\intermediates\merged-not-compiled-resources\release'
  Failed to delete some children. This might happen because a process has files open or has its working directory set 
in the target directory.
  - C:\Users\user\AndroidStudioProjects\TaskGoApp\app\build\intermediates\merged-not-compiled-resources\release\layout\
mtrl_alert_dialog_title.xml
  - C:\Users\user\AndroidStudioProjects\TaskGoApp\app\build\intermediates\merged-not-compiled-resources\release\layout\
mtrl_alert_select_dialog_item.xml
  - C:\Users\user\AndroidStudioProjects\TaskGoApp\app\build\intermediates\merged-not-compiled-resources\release\layout\
mtrl_alert_select_dialog_multichoice.xml
  - C:\Users\user\AndroidStudioProjects\TaskGoApp\app\build\intermediates\merged-not-compiled-resources\release\layout\
mtrl_alert_select_dialog_singlechoice.xml
  - C:\Users\user\AndroidStudioProjects\TaskGoApp\app\build\intermediates\merged-not-compiled-resources\release\layout\
mtrl_auto_complete_simple_item.xml
  - C:\Users\user\AndroidStudioProjects\TaskGoApp\app\build\intermediates\merged-not-compiled-resources\release\layout\
mtrl_calendar_day.xml
  - C:\Users\user\AndroidStudioProjects\TaskGoApp\app\build\intermediates\merged-not-compiled-resources\release\layout\
mtrl_calendar_days_of_week.xml
  - C:\Users\user\AndroidStudioProjects\TaskGoApp\app\build\intermediates\merged-not-compiled-resources\release\layout\
mtrl_calendar_day_of_week.xml
  - C:\Users\user\AndroidStudioProjects\TaskGoApp\app\build\intermediates\merged-not-compiled-resources\release\layout\
mtrl_calendar_horizontal.xml
  - C:\Users\user\AndroidStudioProjects\TaskGoApp\app\build\intermediates\merged-not-compiled-resources\release\layout\
mtrl_calendar_month.xml
  - C:\Users\user\AndroidStudioProjects\TaskGoApp\app\build\intermediates\merged-not-compiled-resources\release\layout\
mtrl_calendar_months.xml
  - C:\Users\user\AndroidStudioProjects\TaskGoApp\app\build\intermediates\merged-not-compiled-resources\release\layout\
mtrl_calendar_month_labeled.xml
  - C:\Users\user\AndroidStudioProjects\TaskGoApp\app\build\intermediates\merged-not-compiled-resources\release\layout\
mtrl_calendar_month_navigation.xml
  - C:\Users\user\AndroidStudioProjects\TaskGoApp\app\build\intermediates\merged-not-compiled-resources\release\layout\
mtrl_calendar_vertical.xml
  - C:\Users\user\AndroidStudioProjects\TaskGoApp\app\build\intermediates\merged-not-compiled-resources\release\layout\
mtrl_calendar_year.xml
  - C:\Users\user\AndroidStudioProjects\TaskGoApp\app\build\intermediates\merged-not-compiled-resources\release\layout\
mtrl_layout_snackbar.xml
  - and more ...
	at org.gradle.internal.file.impl.DefaultDeleter.throwWithHelpMessage(DefaultDeleter.java:233)
	at org.gradle.internal.file.impl.DefaultDeleter.deleteRecursively(DefaultDeleter.java:149)
	at org.gradle.internal.file.impl.DefaultDeleter.deleteRecursively(DefaultDeleter.java:134)
	at org.gradle.internal.file.impl.DefaultDeleter.deleteRecursively(DefaultDeleter.java:134)
	at org.gradle.internal.file.impl.DefaultDeleter.deleteRecursively(DefaultDeleter.java:115)
	at org.gradle.internal.file.impl.DefaultDeleter.ensureEmptyDirectory(DefaultDeleter.java:90)
	at org.gradle.internal.file.impl.DefaultDeleter.ensureEmptyDirectory(DefaultDeleter.java:82)
	at 
org.gradle.internal.execution.steps.RemovePreviousOutputsStep$2.visitOutputProperty(RemovePreviousOutputsStep.java:121)
	... 86 more


BUILD FAILED in 3m 50s
